// Vitest Snapshot v1, https://vitest.dev/guide/snapshot.html

exports[`Header > renders navigation links correctly 1`] = `
<div>
  <div
    class="navbar border-black/10 bg-gray-900 px-5 py-5 md:px-10 lg:h-[80px] lg:py-0"
    data-testid="header"
  >
    <a
      href="/"
    >
      Dashboard
    </a>
    <a
      href="/statistics"
    >
      Statistics
    </a>
  </div>
</div>
`;
