// Vitest Snapshot v1, https://vitest.dev/guide/snapshot.html

exports[`Content > renders correctly and matches snapshot 1`] = `
<div>
  <div
    data-testid="alert-warning"
  >
    Please enter at least 30 characters. Changes are not saved for entries with fewer than 30 characters.
  </div>
  <textarea
    class="md:max-lg:h-[80%] textarea min-h-72 w-full resize-none p-10 text-xl outline-none lg:min-h-svh"
    data-testid="entry-content-field"
    maxlength="2500"
    placeholder="Please write your thoughts here..."
    required=""
  />
</div>
`;
