// Vitest Snapshot v1, https://vitest.dev/guide/snapshot.html

exports[`EntryCard > renders correctly and matches snapshot 1`] = `
<div>
  <div
    class="card relative h-[128px] border border-gray-200 bg-white text-primary-content transition-all duration-200"
    data-testid="entryCard"
  >
    <div
      class="card-body justify-between text-black"
    >
      <div
        class="absolute right-4 top-4 ml-auto h-2 w-2 rounded"
        style="background-color: rgb(255, 0, 0);"
      />
      <h2
        class="card-title overflow-hidden"
      >
        This is a test entry
      </h2>
      <div
        class="flex justify-between"
      >
        <div
          class="flex flex-col 2xl:flex-row"
        >
          <small
            class="flex items-center text-[12px] 2xl:mr-3"
          >
            <svg
              fill="currentColor"
              height="1em"
              stroke="currentColor"
              stroke-width="0"
              viewBox="0 0 512 512"
              width="1em"
              xmlns="http://www.w3.org/2000/svg"
            >
              <path
                d="M416 221.25V416a48 48 0 0 1-48 48H144a48 48 0 0 1-48-48V96a48 48 0 0 1 48-48h98.75a32 32 0 0 1 22.62 9.37l141.26 141.26a32 32 0 0 1 9.37 22.62z"
                fill="none"
                stroke-linejoin="round"
                stroke-width="32"
              />
              <path
                d="M256 56v120a32 32 0 0 0 32 32h120m-232 80h160m-160 80h160"
                fill="none"
                stroke-linecap="round"
                stroke-linejoin="round"
                stroke-width="32"
              />
            </svg>
             
            <span
              class="pl-1"
            >
              2025-01-01
            </span>
          </small>
        </div>
        <div
          class="relative"
        >
          <button
            aria-label="Open context menu"
            class="border-1 btn btn-ghost btn-xs btn-circle border-gray-300 p-1 text-gray-600 hover:bg-gray-100 focus:outline-none"
            data-testid="entryCard-edit-button"
          >
            <svg
              fill="currentColor"
              height="1em"
              stroke="currentColor"
              stroke-width="0"
              viewBox="0 0 16 16"
              width="1em"
              xmlns="http://www.w3.org/2000/svg"
            >
              <path
                d="M9.5 13a1.5 1.5 0 1 1-3 0 1.5 1.5 0 0 1 3 0m0-5a1.5 1.5 0 1 1-3 0 1.5 1.5 0 0 1 3 0m0-5a1.5 1.5 0 1 1-3 0 1.5 1.5 0 0 1 3 0"
              />
            </svg>
          </button>
        </div>
      </div>
    </div>
  </div>
</div>
`;
